Xshell 6 (Build 0095)
Copyright (c) 2002 NetSarang Computer, Inc. All rights reserved.

Type `help' to learn how to use Xshell prompt.
[C:\~]$ 

Connecting to 192.168.166.128:22...
Connection established.
To escape to local shell, press 'Ctrl+Alt+]'.

Last login: Fri Mar  8 21:25:30 2019
[shangqi@localhost ~]$ ls
40  Desktop  Documents  Downloads  Linux ‘¡∂1  Music  Pictures  Public  Templates  Videos  workspace
[shangqi@localhost ~]$ cd workspace/Sq666/
[shangqi@localhost Sq666]$ ls
cmd  tools
[shangqi@localhost Sq666]$ vi fork.c
[shangqi@localhost Sq666]$ ls
cmd  fork.c  tools
[shangqi@localhost Sq666]$ mkdir fork
[shangqi@localhost Sq666]$ ls
cmd  fork  fork.c  tools
[shangqi@localhost Sq666]$ cp fork.c fork
[shangqi@localhost Sq666]$ ls
cmd  fork  fork.c  tools
[shangqi@localhost Sq666]$ cd fock
-bash: cd: fock: No such file or directory
[shangqi@localhost Sq666]$ cp fork.c ./fork
[shangqi@localhost Sq666]$ ls
cmd  fork  fork.c  tools
[shangqi@localhost Sq666]$ cd fork
[shangqi@localhost fork]$ ls
fork.c
[shangqi@localhost fork]$ cd ..
[shangqi@localhost Sq666]$ ls
cmd  fork  fork.c  tools
[shangqi@localhost Sq666]$ rm fork.c
[shangqi@localhost Sq666]$ ls
cmd  fork  tools
[shangqi@localhost Sq666]$ cd fork
[shangqi@localhost fork]$ ls
fork.c
[shangqi@localhost fork]$ vi makefile
[shangqi@localhost fork]$ make
gcc -o fork fork.c
[shangqi@localhost fork]$ ls
fork  fork.c  makefile
[shangqi@localhost fork]$ ./main
-bash: ./main: No such file or directory
[shangqi@localhost fork]$ ./fork
this id parent 3740 ---child:3741
pid:3741
this is child 3741!!
pid:0
^C
[shangqi@localhost fork]$ ls
fork  fork.c  makefile
[shangqi@localhost fork]$ vi fork.c
[shangqi@localhost fork]$ ls
fork  fork.c  makefile
[shangqi@localhost fork]$ cd ..
[shangqi@localhost Sq666]$ ls
cmd  fork  tools
[shangqi@localhost Sq666]$ cd fork/
[shangqi@localhost fork]$ ls
fork  fork.c  makefile
[shangqi@localhost fork]$ make
gcc -o fork fork.c
[shangqi@localhost fork]$ ./fork 
this id parent 4056 ---child:4057
pid:4057
this is child 4057!!
pid:0
Terminated
[shangqi@localhost fork]$ ls
fork  fork.c  makefile
[shangqi@localhost fork]$ vi jiang.c
[shangqi@localhost fork]$ ls
fork  fork.c  jiang.c  makefile
[shangqi@localhost fork]$ vi fork.c
[shangqi@localhost fork]$ vi jiang.c 
[shangqi@localhost fork]$ vi makefile
[shangqi@localhost fork]$ vi makefile 
[shangqi@localhost fork]$ make
gcc -o fs jiang.c
[shangqi@localhost fork]$ ./fs
this is parent!!
this is child!!
0xxxxxxxxxxxddddddddddddddddddddddd
Channel(Socket) closed from remote host(192.168.166.128) at 14:20:56.

Type `help' to learn how to use Xshell prompt.
[C:\~]$ 

Connecting to 192.168.166.128:22...
Connection established.
To escape to local shell, press 'Ctrl+Alt+]'.

Last login: Fri Mar  8 22:06:37 2019 from 192.168.166.1
[shangqi@localhost ~]$ ls
40  Desktop  Documents  Downloads  Linux ‘¡∂1  Music  Pictures  Public  Templates  Videos  workspace
[shangqi@localhost ~]$ cd workspace/Sq666/
[shangqi@localhost Sq666]$ ls
cmd  fork  tools
[shangqi@localhost Sq666]$ cd fork/
[shangqi@localhost fork]$ ls
fork  fork.c  fs  jiang.c  makefile
[shangqi@localhost fork]$ 
Socket error Event: 32 Error: 10053.
Connection closing...Socket close.

Connection closed by foreign host.

Disconnected from remote host(192.168.166.128) at 21:13:15.

Type `help' to learn how to use Xshell prompt.
[C:\~]$ 
